2026-02-07 11:57:56,255 - INFO - Attempting to start live packet capture...
2026-02-07 11:57:56,256 - WARNING - Live capture failed: No Npcap
2026-02-07 11:57:56,256 - WARNING - Falling back to MOCK MODE. Generating synthetic traffic...
2026-02-07 11:58:12,041 - INFO - Attempting to start live packet capture...
2026-02-07 11:58:12,041 - WARNING - Live capture failed: No Npcap
2026-02-07 11:58:12,042 - WARNING - Falling back to MOCK MODE. Generating synthetic traffic...
